              Zaiden Fri Dec 03 02:33:19 2010 has logged on.
              Zaiden Fri Dec 03 02:38:51 2010 has quit.
               Aurin Fri Dec 03 02:40:46 2010 has gone link-dead
             Lolipop Fri Dec 03 02:42:00 2010 has gone link-dead
               Aurin Fri Dec 03 03:04:51 2010 has quit.
             Lolipop Fri Dec 03 03:11:08 2010 has quit.
              Zaiden Fri Dec 03 03:38:42 2010 has logged on.
           Kelvarris Fri Dec 03 05:35:53 2010 has gone link-dead
           Kelvarris Fri Dec 03 06:04:00 2010 has quit.
              Zaiden Fri Dec 03 06:45:26 2010 has logged on.
              Zaiden Fri Dec 03 06:46:13 2010 has gone link-dead
              Zaiden Fri Dec 03 06:46:52 2010 has quit.
               Aurin Fri Dec 03 08:05:14 2010 has logged on.
               Aurin Fri Dec 03 08:10:52 2010 has quit.
               Aurin Fri Dec 03 14:15:52 2010 has logged on.
               Aurin Fri Dec 03 14:46:10 2010 has gone link-dead
               Aurin Fri Dec 03 14:47:11 2010 has logged on.
               Aurin Fri Dec 03 14:47:50 2010 has quit.
                Yori Fri Dec 03 15:52:13 2010 has logged on.
                Yori Fri Dec 03 16:01:20 2010 has gone link-dead
                Yori Fri Dec 03 16:01:30 2010 has logged on.
                Yori Fri Dec 03 16:18:38 2010 has quit.
               Aurin Fri Dec 03 17:19:50 2010 has logged on.
               Aurin Fri Dec 03 18:10:51 2010 has quit.
               Aurin Fri Dec 03 19:19:37 2010 has logged on.
               Aurin Fri Dec 03 19:22:19 2010 has quit.
             Aeliana Fri Dec 03 22:21:11 2010 has logged on.
             Vladaar Fri Dec 03 22:52:38 2010 has logged on.
             Vladaar Fri Dec 03 22:53:23 2010 has quit.
             Aeliana Fri Dec 03 23:46:20 2010 has quit.
             Garbert Fri Dec 03 23:57:18 2010 has logged on.
             Garbert Fri Dec 03 23:57:38 2010 has quit.
              Zaiden Sat Dec 04 01:25:05 2010 has logged on.
              Zaiden Sat Dec 04 01:25:19 2010 has quit.
             Elestan Sat Dec 04 01:45:53 2010 has logged on.
             Elestan Sat Dec 04 01:46:34 2010 has quit.
             Aeliana Sat Dec 04 02:45:58 2010 has logged on.
             Aeliana Sat Dec 04 03:25:35 2010 has quit.
              Corine Sat Dec 04 03:25:43 2010 has logged on.
              Corine Sat Dec 04 03:26:31 2010 has quit.
             Aeliana Sat Dec 04 03:47:30 2010 has logged on.
             Aeliana Sat Dec 04 04:11:16 2010 has gone link-dead
             Aeliana Sat Dec 04 04:11:23 2010 has logged on.
             Aeliana Sat Dec 04 04:16:46 2010 has quit.
               Aurin Sat Dec 04 04:35:46 2010 has logged on.
               Aurin Sat Dec 04 04:38:35 2010 has quit.
             Ceatrix Sat Dec 04 04:58:15 2010 has logged on.
             Ceatrix Sat Dec 04 04:58:54 2010 has gone link-dead
              Shelah Sat Dec 04 05:04:27 2010 has logged on.
              Shelah Sat Dec 04 05:05:26 2010 has quit.
             Ceatrix Sat Dec 04 05:27:13 2010 has quit.
              Sarkai Sat Dec 04 06:29:46 2010 has logged on.
              Sarkai Sat Dec 04 07:23:18 2010 has quit.
               Aurin Sat Dec 04 07:31:56 2010 has logged on.
              Sarkai Sat Dec 04 07:53:12 2010 has logged on.
              Sarkai Sat Dec 04 08:14:37 2010 has quit.
              Sarkai Sat Dec 04 08:44:27 2010 has logged on.
              Sarkai Sat Dec 04 08:52:28 2010 has quit.
               Aurin Sat Dec 04 10:21:09 2010 has quit.
             Cthulhu Sat Dec 04 16:42:59 2010 has gone link-dead
             Cthulhu Sat Dec 04 17:12:52 2010 has quit.
             Cthulhu Sat Dec 04 17:45:04 2010 has logged on.
             Cthulhu Sat Dec 04 18:32:50 2010 has logged on.
             Arianna Sat Dec 04 18:32:56 2010 has logged on.
             Cthulhu Sat Dec 04 18:33:43 2010 has logged on.
             Cthulhu Sat Dec 04 18:47:13 2010 has quit.
             Elereth Sat Dec 04 18:54:36 2010 has gone link-dead
             Elereth Sat Dec 04 19:22:15 2010 has quit.
              Zaiden Sat Dec 04 19:46:52 2010 has logged on.
              Zaiden Sat Dec 04 19:47:07 2010 has quit.
             Arianna Sat Dec 04 19:58:12 2010 has logged on.
           Fyndarwyn Sat Dec 04 19:58:55 2010 has logged on.
             Arianna Sat Dec 04 19:59:40 2010 has logged on.
           Fyndarwyn Sat Dec 04 19:59:52 2010 has logged on.
               Aurin Sat Dec 04 20:16:49 2010 has logged on.
             Anniana Sat Dec 04 20:19:02 2010 has quit.
             Arianna Sat Dec 04 20:19:10 2010 has logged on.
             Arianna Sat Dec 04 20:19:44 2010 has logged on.
               Aurin Sat Dec 04 20:19:50 2010 has logged on.
               Aurin Sat Dec 04 20:51:07 2010 has quit.
             Arianna Sat Dec 04 20:51:46 2010 has gone link-dead
             Arianna Sat Dec 04 21:20:19 2010 has quit.
             Ceatrix Sat Dec 04 22:21:13 2010 has logged on.
             Ceatrix Sat Dec 04 22:21:58 2010 has quit.
               Aurin Sat Dec 04 23:13:19 2010 has logged on.
               Aurin Sat Dec 04 23:52:50 2010 has quit.
             Cthulhu Sun Dec 05 01:19:50 2010 has logged on.
              Sarkai Sun Dec 05 01:42:11 2010 has logged on.
              Sarkai Sun Dec 05 01:46:02 2010 has quit.
              Meckan Sun Dec 05 01:46:10 2010 has logged on.
              Meckan Sun Dec 05 01:50:20 2010 has quit.
              Sarkai Sun Dec 05 01:50:31 2010 has logged on.
            Draconis Sun Dec 05 02:27:52 2010 has quit.
              Sarkai Sun Dec 05 02:35:23 2010 has quit.
              Sarkai Sun Dec 05 02:36:12 2010 has logged on.
               Shido Sun Dec 05 02:38:25 2010 has logged on.
               Shido Sun Dec 05 02:38:33 2010 has quit.
              Kenshi Sun Dec 05 02:38:38 2010 has logged on.
              Kenshi Sun Dec 05 02:38:44 2010 has quit.
              Azazel Sun Dec 05 02:38:52 2010 has logged on.
              Azazel Sun Dec 05 02:38:59 2010 has quit.
               Dritz Sun Dec 05 02:39:04 2010 has logged on.
               Dritz Sun Dec 05 02:39:08 2010 has quit.
               Emily Sun Dec 05 02:39:18 2010 has logged on.
            Draconis Sun Dec 05 02:45:11 2010 has logged on.
              Sarkai Sun Dec 05 02:56:18 2010 has gone link-dead
              Sarkai Sun Dec 05 02:56:29 2010 has logged on.
            Draconis Sun Dec 05 03:04:21 2010 has quit.
              Roldon Sun Dec 05 03:04:25 2010 has logged on.
            Draconis Sun Dec 05 03:04:56 2010 has logged on.
              Roldon Sun Dec 05 03:11:23 2010 has gone link-dead
              Sarkai Sun Dec 05 03:16:57 2010 has quit.
              Roldon Sun Dec 05 03:40:45 2010 has quit.
             Arianna Sun Dec 05 04:12:09 2010 has logged on.
               Aurin Sun Dec 05 04:19:45 2010 has logged on.
             Arianna Sun Dec 05 04:20:28 2010 has quit.
            Draconis Sun Dec 05 04:30:17 2010 has quit.
               Aurin Sun Dec 05 04:44:11 2010 has quit.
               Aurin Sun Dec 05 04:59:44 2010 has logged on.
               Emily Sun Dec 05 05:46:18 2010 has gone link-dead
               Emily Sun Dec 05 05:46:30 2010 has logged on.
               Emily Sun Dec 05 06:26:18 2010 has gone link-dead
               Emily Sun Dec 05 06:26:31 2010 has logged on.
              Sarkai Sun Dec 05 06:35:49 2010 has logged on.
               Emily Sun Dec 05 07:01:18 2010 has gone link-dead
               Emily Sun Dec 05 07:01:25 2010 has logged on.
               Aurin Sun Dec 05 07:29:49 2010 has quit.
              Sarkai Sun Dec 05 08:16:30 2010 has quit.
              Sarkai Sun Dec 05 08:50:10 2010 has logged on.
              Sarkai Sun Dec 05 09:27:15 2010 has quit.
               Emily Sun Dec 05 09:40:52 2010 has quit.
               Emily Sun Dec 05 09:41:13 2010 has logged on.
              Shelah Sun Dec 05 10:26:16 2010 has logged on.
              Shelah Sun Dec 05 10:27:30 2010 has quit.
            Llehctim Sun Dec 05 10:27:38 2010 has logged on.
            Llehctim Sun Dec 05 10:28:16 2010 has quit.
              Supida Sun Dec 05 15:05:05 2010 has gone link-dead
              Supida Sun Dec 05 15:34:56 2010 has quit.
              Sarkai Sun Dec 05 17:05:06 2010 has logged on.
              Sarkai Sun Dec 05 17:28:37 2010 has quit.
            Draconis Sun Dec 05 18:26:34 2010 has logged on.
             Ceatrix Sun Dec 05 18:27:01 2010 has logged on.
            Draconis Sun Dec 05 18:27:28 2010 has gone link-dead
             Ceatrix Sun Dec 05 18:29:25 2010 has quit.
        Shimmergloom Sun Dec 05 18:43:55 2010 has gone link-dead
        Shimmergloom Sun Dec 05 18:44:04 2010 has logged on.
            Draconis Sun Dec 05 18:56:31 2010 has quit.
        Shimmergloom Sun Dec 05 19:30:16 2010 has quit.
        Shimmergloom Sun Dec 05 20:41:39 2010 has logged on.
        Shimmergloom Sun Dec 05 20:43:59 2010 has gone link-dead
            Draconis Sun Dec 05 20:44:05 2010 has logged on.
            Draconis Sun Dec 05 20:44:44 2010 has gone link-dead
        Shimmergloom Sun Dec 05 20:44:55 2010 has logged on.
            Draconis Sun Dec 05 21:14:48 2010 has quit.
        Shimmergloom Sun Dec 05 22:11:29 2010 has gone link-dead
        Shimmergloom Sun Dec 05 22:11:39 2010 has logged on.
        Shimmergloom Sun Dec 05 23:53:19 2010 has quit.
        Shimmergloom Mon Dec 06 00:01:39 2010 has logged on.
        Shimmergloom Mon Dec 06 00:23:01 2010 has quit.
               Emily Mon Dec 06 00:42:08 2010 has quit.
               Aurin Mon Dec 06 01:01:12 2010 has logged on.
        Shimmergloom Mon Dec 06 01:07:26 2010 has logged on.
         Ashenshugar Mon Dec 06 02:01:23 2010 has logged on.
             Aeliana Mon Dec 06 02:38:44 2010 has logged on.
         Ashenshugar Mon Dec 06 02:40:52 2010 has quit.
               Aurin Mon Dec 06 02:44:05 2010 has quit.
        Shimmergloom Mon Dec 06 03:08:44 2010 has quit.
             Aeliana Mon Dec 06 03:17:17 2010 has quit.
               Emily Mon Dec 06 03:33:13 2010 has logged on.
              Zaiden Mon Dec 06 03:50:06 2010 has logged on.
             Aeliana Mon Dec 06 03:53:09 2010 has logged on.
               Aurin Mon Dec 06 05:51:11 2010 has logged on.
           Kermorvan Mon Dec 06 05:58:02 2010 has quit.
               Aurin Mon Dec 06 06:11:58 2010 has quit.
              Garick Mon Dec 06 06:26:27 2010 has logged on.
               Emily Mon Dec 06 06:43:18 2010 has quit.
               Emily Mon Dec 06 06:43:34 2010 has logged on.
               Emily Mon Dec 06 06:52:56 2010 has quit.
               Emily Mon Dec 06 06:53:10 2010 has logged on.
             Aeliana Mon Dec 06 07:01:18 2010 has quit.
              Garick Mon Dec 06 07:11:01 2010 has gone link-dead
              Zaiden Mon Dec 06 07:22:31 2010 has quit.
               Emily Mon Dec 06 07:30:50 2010 has quit.
                Cali Mon Dec 06 07:58:51 2010 has gone link-dead
                Cali Mon Dec 06 08:16:22 2010 has logged on.
                Cali Mon Dec 06 08:55:48 2010 has gone link-dead
              Zaiden Mon Dec 06 09:27:31 2010 has logged on.
                Cali Mon Dec 06 09:31:01 2010 has logged on.
              Zaiden Mon Dec 06 09:31:04 2010 has logged on.
                Cali Mon Dec 06 10:09:54 2010 has quit.
               Emily Mon Dec 06 10:09:59 2010 has logged on.
              Zaiden Mon Dec 06 10:56:45 2010 has quit.
               Aurin Mon Dec 06 11:48:51 2010 has logged on.
               Aurin Mon Dec 06 12:03:38 2010 has quit.
               Emily Mon Dec 06 17:05:30 2010 has logged on.
              Zaiden Mon Dec 06 18:51:01 2010 has logged on.
              Zaiden Mon Dec 06 19:46:39 2010 has quit.
              Zaiden Mon Dec 06 21:49:57 2010 has logged on.
        Shimmergloom Mon Dec 06 21:51:36 2010 has logged on.
              Zaiden Mon Dec 06 21:59:40 2010 has quit.
              Myrlan Mon Dec 06 22:23:31 2010 has logged on.
              Myrlan Mon Dec 06 22:34:10 2010 has gone link-dead
              Myrlan Mon Dec 06 22:35:00 2010 has logged on.
              Myrlan Mon Dec 06 22:50:59 2010 has quit.
               Rouge Tue Dec 07 00:13:26 2010 has quit.
               Rouge Tue Dec 07 00:15:05 2010 has logged on.
               Rouge Tue Dec 07 00:23:21 2010 has quit.
              Zaiden Tue Dec 07 00:30:24 2010 has logged on.
           Fyndarwyn Tue Dec 07 00:30:29 2010 has logged on.
           Fyndarwyn Tue Dec 07 00:31:33 2010 has quit.
                Cali Tue Dec 07 00:56:47 2010 has logged on.
                Cali Tue Dec 07 00:57:34 2010 has quit.
               Shido Tue Dec 07 00:57:42 2010 has logged on.
               Shido Tue Dec 07 00:57:53 2010 has quit.
              Zaiden Tue Dec 07 01:20:43 2010 has quit.
               Emily Tue Dec 07 01:46:14 2010 has quit.
               Emily Tue Dec 07 01:54:53 2010 has logged on.
               Rouge Tue Dec 07 03:21:28 2010 has logged on.
               Rouge Tue Dec 07 03:23:24 2010 has quit.
               Rouge Tue Dec 07 03:27:17 2010 has logged on.
             Ceatrix Tue Dec 07 03:31:05 2010 has logged on.
               Rouge Tue Dec 07 03:57:38 2010 has gone link-dead
               Rouge Tue Dec 07 03:57:51 2010 has logged on.
             Ceatrix Tue Dec 07 04:06:38 2010 has quit.
             Ceatrix Tue Dec 07 04:10:58 2010 has logged on.
              Kairan Tue Dec 07 04:13:33 2010 has quit.
               Rouge Tue Dec 07 04:36:16 2010 has gone link-dead
               Rouge Tue Dec 07 04:36:24 2010 has logged on.
               Rouge Tue Dec 07 04:54:15 2010 has quit.
             Ceatrix Tue Dec 07 04:58:45 2010 has quit.
               Emily Tue Dec 07 05:17:32 2010 has quit.
               Aurin Tue Dec 07 05:18:39 2010 has logged on.
               Emily Tue Dec 07 05:27:12 2010 has logged on.
               Aurin Tue Dec 07 05:27:55 2010 has quit.
              Zaiden Tue Dec 07 06:43:50 2010 has logged on.
              Zaiden Tue Dec 07 06:45:49 2010 has quit.
              Shelah Tue Dec 07 07:30:48 2010 has logged on.
              Shelah Tue Dec 07 07:31:17 2010 has quit.
              Myrlan Tue Dec 07 17:13:03 2010 has logged on.
              Myrlan Tue Dec 07 17:14:27 2010 has quit.
             Ceatrix Tue Dec 07 17:24:30 2010 has logged on.
             Ceatrix Tue Dec 07 17:26:50 2010 has gone link-dead
               Emily Tue Dec 07 17:38:50 2010 has gone link-dead
             Arianna Tue Dec 07 17:47:43 2010 has logged on.
             Ceatrix Tue Dec 07 17:54:56 2010 has quit.
             Arianna Tue Dec 07 18:01:18 2010 has gone link-dead
             Arianna Tue Dec 07 18:01:28 2010 has logged on.
               Emily Tue Dec 07 18:06:49 2010 has quit.
              Myrlan Tue Dec 07 18:27:16 2010 has logged on.
              Myrlan Tue Dec 07 18:32:26 2010 has quit.
             Arianne Tue Dec 07 18:44:27 2010 has gone link-dead
             Arianne Tue Dec 07 18:55:13 2010 has quit.
             Arianne Tue Dec 07 19:04:50 2010 has logged on.
             Arianne Tue Dec 07 19:24:42 2010 has quit.
              Samael Tue Dec 07 19:56:56 2010 has logged on.
             Adarwyn Tue Dec 07 20:46:15 2010 has gone link-dead
              Samael Tue Dec 07 20:50:10 2010 has gone link-dead
              Myrlan Tue Dec 07 20:52:35 2010 has logged on.
              Myrlan Tue Dec 07 20:54:19 2010 has quit.
             Vladaar Tue Dec 07 21:11:06 2010 has logged on.
              Zaiden Tue Dec 07 21:12:11 2010 has logged on.
             Adarwyn Tue Dec 07 21:20:40 2010 has quit.
              Zaiden Tue Dec 07 21:31:26 2010 has quit.
             Vladaar Tue Dec 07 21:31:42 2010 has quit.
               Rouge Tue Dec 07 21:48:28 2010 has logged on.
               Rouge Tue Dec 07 21:57:54 2010 has gone link-dead
            Shenlong Tue Dec 07 22:20:02 2010 has gone link-dead
            Draconis Tue Dec 07 22:38:39 2010 has logged on.
            Draconis Tue Dec 07 22:39:15 2010 has gone link-dead
            Shenlong Tue Dec 07 22:39:25 2010 has gone link-dead
              Myrlan Tue Dec 07 22:48:42 2010 has logged on.
            Shenlong Tue Dec 07 22:58:06 2010 has gone link-dead
            Shenlong Tue Dec 07 23:00:07 2010 has gone link-dead
            Shenlong Tue Dec 07 23:00:15 2010 has logged on.
            Shenlong Tue Dec 07 23:00:53 2010 has quit.
            Shenlong Tue Dec 07 23:01:01 2010 has logged on.
            Draconis Tue Dec 07 23:10:27 2010 has quit.
              Myrlan Tue Dec 07 23:12:47 2010 has quit.
            Shenlong Wed Dec 08 00:08:29 2010 has quit.
            Shenlong Wed Dec 08 01:16:43 2010 has logged on.
            Shenlong Wed Dec 08 01:17:15 2010 has quit.
              Shelah Wed Dec 08 01:32:08 2010 has logged on.
              Shelah Wed Dec 08 01:32:20 2010 has quit.
            Shenlong Wed Dec 08 02:03:29 2010 has logged on.
               Seiti Wed Dec 08 03:28:27 2010 has quit.
            Shenlong Wed Dec 08 04:16:46 2010 has quit.
               Aurin Wed Dec 08 06:56:58 2010 has logged on.
         Ashenshugar Wed Dec 08 07:01:14 2010 has logged on.
               Aurin Wed Dec 08 07:04:40 2010 has quit.
         Ashenshugar Wed Dec 08 07:04:45 2010 has quit.
             Adarwyn Wed Dec 08 12:10:51 2010 has logged on.
             Vladaar Wed Dec 08 12:25:46 2010 has logged on.
             Vladaar Wed Dec 08 12:27:54 2010 has quit.
            Shenlong Wed Dec 08 13:44:51 2010 has logged on.
            Shenlong Wed Dec 08 13:45:35 2010 has quit.
            Shenlong Wed Dec 08 14:17:25 2010 has logged on.
              Hassan Wed Dec 08 14:36:25 2010 has quit.
            Shenlong Wed Dec 08 14:45:13 2010 has gone link-dead
            Shenlong Wed Dec 08 14:46:51 2010 has gone link-dead
            Shenlong Wed Dec 08 14:47:03 2010 has logged on.
            Shenlong Wed Dec 08 15:18:54 2010 has gone link-dead
            Shenlong Wed Dec 08 15:19:04 2010 has logged on.
            Shenlong Wed Dec 08 15:25:59 2010 has quit.
             Garbert Wed Dec 08 15:32:17 2010 has logged on.
             Garbert Wed Dec 08 15:33:23 2010 has quit.
            Shenlong Wed Dec 08 15:53:39 2010 has logged on.
            Shenlong Wed Dec 08 16:48:05 2010 has quit.
              Karith Wed Dec 08 18:44:31 2010 has logged on.
              Karith Wed Dec 08 18:45:16 2010 has quit.
                Yori Wed Dec 08 19:37:55 2010 has logged on.
                Yori Wed Dec 08 19:49:18 2010 has quit.
             Tafelin Wed Dec 08 19:52:32 2010 has logged on.
             Tafelin Wed Dec 08 19:52:53 2010 has quit.
               Seiti Wed Dec 08 20:05:12 2010 has logged on.
               Seiti Wed Dec 08 20:17:44 2010 has quit.
               Aurin Wed Dec 08 20:20:18 2010 has logged on.
             Striker Wed Dec 08 20:35:36 2010 has logged on.
             Striker Wed Dec 08 21:25:22 2010 has gone link-dead
         Ashenshugar Wed Dec 08 21:26:16 2010 has logged on.
         Ashenshugar Wed Dec 08 21:27:37 2010 has quit.
              Zaiden Wed Dec 08 21:33:34 2010 has logged on.
              Myrlan Wed Dec 08 22:07:05 2010 has logged on.
              Zaiden Wed Dec 08 22:20:22 2010 has quit.
               Syrin Wed Dec 08 22:25:16 2010 has quit.
              Myrlan Wed Dec 08 22:28:54 2010 has quit.
             Striker Wed Dec 08 22:31:41 2010 has logged on.
               Aurin Wed Dec 08 22:34:01 2010 has quit.
             Striker Wed Dec 08 22:37:50 2010 has gone link-dead
             Striker Wed Dec 08 23:07:17 2010 has quit.
            Shenlong Thu Dec 09 00:48:16 2010 has logged on.
            Shenlong Thu Dec 09 00:56:23 2010 has quit.
               Seiti Thu Dec 09 02:36:36 2010 has logged on.
               Seiti Thu Dec 09 02:41:06 2010 has gone link-dead
               Seiti Thu Dec 09 02:41:27 2010 has logged on.
             Aeliana Thu Dec 09 02:49:35 2010 has logged on.
             Aeliana Thu Dec 09 02:53:44 2010 has quit.
             Aeliana Thu Dec 09 03:04:45 2010 has logged on.
             Aeliana Thu Dec 09 03:06:17 2010 has gone link-dead
               Seiti Thu Dec 09 03:06:20 2010 has gone link-dead
             Aeliana Thu Dec 09 03:06:23 2010 has logged on.
               Seiti Thu Dec 09 03:07:52 2010 has logged on.
               Seiti Thu Dec 09 03:09:42 2010 has quit.
            Shenlong Thu Dec 09 03:43:30 2010 has logged on.
               Emily Thu Dec 09 04:10:14 2010 has logged on.
               Emily Thu Dec 09 04:13:57 2010 has quit.
               Emily Thu Dec 09 04:14:06 2010 has logged on.
             Aeliana Thu Dec 09 04:29:33 2010 has quit.
              Spyron Thu Dec 09 05:00:16 2010 has quit.
             Aeliana Thu Dec 09 05:21:09 2010 has logged on.
               Aurin Thu Dec 09 05:27:56 2010 has logged on.
              Sinjin Thu Dec 09 05:28:05 2010 has quit.
             Aeliana Thu Dec 09 06:22:41 2010 has gone link-dead
             Aeliana Thu Dec 09 06:27:15 2010 has quit.
             Aeliana Thu Dec 09 06:57:25 2010 has logged on.
             Aeliana Thu Dec 09 07:12:22 2010 has quit.
               Emily Thu Dec 09 11:17:18 2010 has quit.
               Aurin Thu Dec 09 12:23:11 2010 has quit.
             Vladaar Thu Dec 09 16:43:01 2010 has logged on.
             Vladaar Thu Dec 09 16:47:34 2010 has quit.
              Myrlan Thu Dec 09 18:40:54 2010 has logged on.
              Myrlan Thu Dec 09 18:48:38 2010 has quit.
              Spyron Thu Dec 09 20:48:20 2010 has logged on.
              Spyron Thu Dec 09 21:17:51 2010 has quit.
               Aurin Thu Dec 09 21:47:48 2010 has logged on.
              Spyron Thu Dec 09 21:56:10 2010 has logged on.
             Lillith Thu Dec 09 22:19:27 2010 has quit.
               Emily Thu Dec 09 22:20:42 2010 has logged on.
               Emily Thu Dec 09 22:22:32 2010 has quit.
             Lillith Thu Dec 09 22:28:05 2010 has logged on.
             Bracius Thu Dec 09 22:31:56 2010 has quit.
             Bracius Thu Dec 09 22:39:05 2010 has logged on.
              Sarkai Thu Dec 09 22:44:26 2010 has logged on.
             Lillith Thu Dec 09 23:08:33 2010 has quit.
             Bracius Thu Dec 09 23:21:56 2010 has gone link-dead
             Bracius Thu Dec 09 23:22:01 2010 has logged on.
             Lillith Thu Dec 09 23:27:45 2010 has logged on.
              Sarkai Thu Dec 09 23:42:00 2010 has quit.
              Sarkai Fri Dec 10 00:13:35 2010 has logged on.
              Sarkai Fri Dec 10 00:20:31 2010 has quit.
             Bracius Fri Dec 10 00:44:54 2010 has quit.
              Azazel Fri Dec 10 01:13:11 2010 has logged on.
              Ashton Fri Dec 10 01:15:36 2010 has logged on.
             Lillith Fri Dec 10 01:26:44 2010 has quit.
              Ashton Fri Dec 10 01:26:51 2010 has quit.
               Emily Fri Dec 10 01:26:58 2010 has logged on.
             Skragna Fri Dec 10 01:32:56 2010 has logged on.
             Bracius Fri Dec 10 01:34:16 2010 has logged on.
              Ashten Fri Dec 10 01:45:31 2010 has logged on.
               Lidia Fri Dec 10 01:45:33 2010 has logged on.
             Bracius Fri Dec 10 01:45:35 2010 has logged on.
             Skragna Fri Dec 10 01:45:39 2010 has logged on.
               Emily Fri Dec 10 01:45:39 2010 has logged on.
               Aurin Fri Dec 10 01:46:14 2010 has logged on.
             Skragna Fri Dec 10 02:05:29 2010 has quit.
             Skragna Fri Dec 10 02:05:36 2010 has logged on.
              Ashten Fri Dec 10 02:07:33 2010 has gone link-dead
             Skragna Fri Dec 10 02:11:18 2010 has gone link-dead
             Bracius Fri Dec 10 02:11:32 2010 has gone link-dead
             Skragna Fri Dec 10 02:12:10 2010 has logged on.
             Bracius Fri Dec 10 02:18:03 2010 has quit.
             Bracius Fri Dec 10 02:18:14 2010 has logged on.
             Aeliana Fri Dec 10 02:43:58 2010 has logged on.
             Bracius Fri Dec 10 02:53:06 2010 has gone link-dead
             Bracius Fri Dec 10 02:53:15 2010 has logged on.
               Lidia Fri Dec 10 02:58:00 2010 has quit.
             Skragna Fri Dec 10 03:00:35 2010 has quit.
             Bracius Fri Dec 10 03:01:18 2010 has gone link-dead
             Aeliana Fri Dec 10 03:01:26 2010 has gone link-dead
             Bracius Fri Dec 10 03:01:28 2010 has logged on.
              Ashten Fri Dec 10 03:01:29 2010 has gone link-dead
               Emily Fri Dec 10 03:01:33 2010 has gone link-dead
              Ashten Fri Dec 10 03:01:37 2010 has logged on.
               Aurin Fri Dec 10 03:02:39 2010 has quit.
             Bracius Fri Dec 10 03:06:32 2010 has quit.
             Skragna Fri Dec 10 03:30:59 2010 has logged on.
             Skragna Fri Dec 10 03:38:48 2010 has quit.
               Kasim Fri Dec 10 03:38:52 2010 has logged on.
               Kasim Fri Dec 10 03:41:46 2010 has gone link-dead
               Kasim Fri Dec 10 03:41:54 2010 has logged on.
               Lidia Fri Dec 10 03:46:17 2010 has logged on.
             Bracius Fri Dec 10 04:21:14 2010 has logged on.
              Ashten Fri Dec 10 04:32:28 2010 has quit.
               Emily Fri Dec 10 04:41:09 2010 has quit.
              Kenshi Fri Dec 10 04:41:14 2010 has logged on.
              Azazel Fri Dec 10 04:41:27 2010 has logged on.
             Lillith Fri Dec 10 04:41:48 2010 has logged on.
              Ashten Fri Dec 10 04:59:59 2010 has logged on.
             Bracius Fri Dec 10 05:04:23 2010 has quit.
              Kairan Fri Dec 10 05:30:57 2010 has quit.
               Shido Fri Dec 10 05:32:46 2010 has logged on.
               Lidia Fri Dec 10 05:33:39 2010 has quit.
               Lidia Fri Dec 10 05:33:56 2010 has logged on.
               Lidia Fri Dec 10 05:36:11 2010 has quit.
               Lidia Fri Dec 10 05:36:23 2010 has logged on.
               Shido Fri Dec 10 05:47:25 2010 has quit.
             Aeliana Fri Dec 10 05:51:20 2010 has gone link-dead
              Ashten Fri Dec 10 05:51:31 2010 has gone link-dead
              Ashten Fri Dec 10 05:51:37 2010 has logged on.
             Bracius Fri Dec 10 05:53:56 2010 has logged on.
             Aeliana Fri Dec 10 06:00:39 2010 has quit.
              Ashten Fri Dec 10 06:01:24 2010 has quit.
               Lidia Fri Dec 10 06:04:51 2010 has quit.
               Lidia Fri Dec 10 06:13:05 2010 has logged on.
             Lillith Fri Dec 10 06:22:53 2010 has quit.
               Emily Fri Dec 10 06:23:01 2010 has logged on.
              Ashten Fri Dec 10 06:26:41 2010 has logged on.
               Lidia Fri Dec 10 06:44:51 2010 has quit.
               Kasim Fri Dec 10 06:47:57 2010 has quit.
             Bracius Fri Dec 10 07:11:22 2010 has gone link-dead
             Bracius Fri Dec 10 07:11:33 2010 has logged on.
             Bracius Fri Dec 10 07:17:50 2010 has quit.
               Emily Fri Dec 10 07:26:15 2010 has gone link-dead
               Emily Fri Dec 10 07:26:29 2010 has logged on.
               Korel Fri Dec 10 07:51:11 2010 has quit.
              Sarkai Fri Dec 10 07:51:49 2010 has logged on.
               Kasim Fri Dec 10 08:11:15 2010 has logged on.
               Kasim Fri Dec 10 08:17:20 2010 has quit.
                Kian Fri Dec 10 08:54:37 2010 has quit.
              Sarkai Fri Dec 10 09:25:29 2010 has quit.
              Sarkai Fri Dec 10 09:35:33 2010 has logged on.
              Ashten Fri Dec 10 09:53:08 2010 has quit.
              Ascher Fri Dec 10 09:53:16 2010 has logged on.
              Ascher Fri Dec 10 09:54:38 2010 has quit.
              Sarkai Fri Dec 10 10:20:05 2010 has quit.
            Curcubeu Fri Dec 10 11:49:05 2010 has quit.
             Lillith Fri Dec 10 11:53:34 2010 has logged on.
             Lillith Fri Dec 10 11:54:00 2010 has quit.
             Vladaar Fri Dec 10 14:09:26 2010 has logged on.
               Admin Fri Jan 03 06:25:19 2014 has quit.
               Admin Fri Jan 03 06:34:44 2014 has logged on.
               Admin Fri Jan 03 06:38:24 2014 has logged on.
               Admin Fri Jan 03 06:42:27 2014 has logged on.
