zrbl~
zraxiphur~
zolrn~
zoloph~
zoey~
zionman~
zion~
zingor~
zega~
zeeneye~
zaraki~
zakken~
zahl~
yuuki~
yureka~
yoshiboo~
yoguku~
yodu~
yickithus~
yeoldhitler~
yeoldejew~
yaru~
yanker~
xzillion~
xvillia~
ximakleivtag~
xemnas~
xanith~
wrakk~
wrait~
wolffair~
wingnut~
will~
wiggins~
whyzdom~
whisper~
weplin~
warriortest~
warpath~
warmaker~
warlock~
warfox~
wafe~
vorock~
vladimir~
vladamir~
vlad~
viramicus~
viper~
vien~
vermundr~
vermelho~
veil~
vamptest~
vallis~
vald~
utep~
urek~
ulfgar~
uglar~
uber~
tzhaarxil~
tyranno~
tyran~
tynker~
tygyr~
txachamitxchual~
ttereve~
tsk~
troll~
trillion~
trialchar~
trial~
trex~
tracy~
tommi~
tomb~
tom~
tokoaaa~
tobacane~
tinkerbell~
timburo~
tigra~
tigerpaw~
tiamat~
thwizzle~
thumpp~
thuddrickii~
thudd~
thud~
thrombardil~
thray~
thrall~
thorr~
thorp~
thornspark~
thor~
thomasz~
thicet~
thetest~
thagreatest~
testzep~
testyyu~
testya~
testtriple~
testsubject~
testqwe~
testq~
testplayer~
testor~
testler~
testingaa~
testing~
testiii~
testg~
testfff~
testes~
testera~
tester~
testeeee~
testee~
testdouble~
testchar~
testasd~
testaq~
testabc~
testaaaab~
testaaaaaaa~
testaaa~
test~
tengil~
tempos~
tempest~
teastornator~
tealc~
tanny~
tane~
talyn~
talin~
tailyna~
swordone~
swordin~
sumharb~
sturm~
strife~
stormchild~
storlock~
stoneheart~
starfyre~
stardrow~
ssolvarain~
ssol~
ssinssrigg~
squishy~
spyron~
splarking~
speedymex~
specksguy~
soulless~
sothra~
soran~
someone~
snowgood~
snarg~
snare~
snake~
smurg~
smoug~
smoke~
smog~
slitherous~
slain~
skyke~
skippyfresh~
skie~
sirnorton~
sirblue~
simeon~
silverclaw~
shraka~
shonuff~
shmuc~
shimmergloom~
shenlong~
shawnyboy~
sharde~
shard~
shaka~
shaitan~
shadowz~
shadowmind~
shadow~
shadezar~
shaddowmind~
serra~
serias~
serenity~
sephiroth~
senilking~
seether~
scarletter~
scamandros~
save~
sariel~
sapphire~
saphori~
saphira~
samaquiel~
ryanthegreat~
ryana~
rurin~
rune~
ruckus~
rreivhenj~
rouge~
ross~
rooof~
rockhardboi~
roche~
riggles~
richard~
rian~
rhino~
requiemus~
reno~
remtest~
reiver~
reaper~
razortalon~
razorith~
razor~
rayburn~
raven~
ratchet~
raine~
rain~
ragbag~
rachet~
qwerty~
pyrox~
pyros~
pyro~
pyrite~
pussy~
pug~
psiangel~
prowl~
proteas~
princevlad~
primus~
porthos~
piterpol~
pinkie~
pimp~
phlag~
phaetos~
perplexity~
peasentboy~
patton~
panthro~
panda~
paladen~
othar~
ormembar~
orion~
orcidrose~
opus~
opop~
onaga~
ombar~
olin~
okan~
odysseus~
nytemare~
nyneve~
nute~
nunu~
nuker~
notabadname~
northra~
nora~
noone~
ninefingers~
nightstalker~
nightdragon~
newbsbroken~
nemesis~
nazhk~
nauzhror~
mystic~
murdock~
mun~
mrchildren~
morticia~
mort~
morpheus~
moriarty~
mord~
moocow~
montoya~
monkey~
monkee~
modi~
moaic~
mnera~
mishrak~
mishes~
mish~
misery~
mirror~
millions~
milestone~
milagros~
miclin~
micky~
michael~
merlin~
melissa~
medieval~
medical~
meatball~
mcdy~
mazyliukas~
maxwell~
marty~
mars~
marmam~
marcus~
mantis~
manin~
malachite~
magnus~
magnefikko~
lysandra~
lyrien~
lyriane~
lyriae~
lya~
lutespell~
luneth~
lucy~
lucifus~
lucifur~
lucifer~
louche~
lothrimer~
lostsoul~
loserlol~
loros~
lordgogo~
lorddragon~
lord~
link~
letisq~
lestat~
leon~
leo~
lenny~
lekan~
legion~
legato~
labrat~
kyle~
kwer~
kunshude~
kujo~
krog~
kraytoss~
kraksus~
korjak~
knova~
knight~
kloud~
kingauthur~
kingaurthur~
king~
kilroy~
kilcoy~
khrueggare~
khevin~
keryx~
kenji~
kellogs~
kazon~
karnage~
karma~
kameleon~
kalem~
kajarn~
kain~
john~
johan~
joe~
jimmyjim~
jim~
jewel~
jett~
jesuschrist~
jasper~
janiri~
james~
jaakob~
ivycreed~
isira~
ishamael~
isenrain~
irule~
ironhold~
ironbelly~
insteadward~
infamousfury~
illin~
illegalname~
icktik~
iah~
hyran~
hunkenstein~
hughgo~
hrok~
horizon~
hinder~
himself~
hillbilly~
hildegard~
hhhh~
hextor~
herself~
herensuge~
henry~
helpertwo~
helperthree~
helpersix~
helperseven~
helperone~
helpernine~
helperfour~
helperfive~
helpereight~
helper~
help~
hellyon~
helgaust~
hawkwind~
havoc~
hatared~
harlem~
hark~
han~
halo~
gyre~
gutk~
gummy~
gsufuhfeb~
grumpy~
grumble~
grog~
grimm~
gregory~
gratch~
grasshopper~
grandma~
gomer~
goldmoon~
goldenpower~
goku~
godish~
goddless~
glnk~
glamdrin~
giya~
gigi~
gideon~
gesyr~
george~
genghis~
gazzreduk~
gavrel~
gavin~
gasher~
gaminwatch~
gaminwach~
fury~
fuck~
fridayknight~
freya~
fraud~
formalthio~
flard~
flamernamer~
fjorn~
fireknight~
finella~
filipinomud~
fido~
feris~
fames~
faldwyn~
faeryl~
ewewasdadas~
evisficul~
esmioley~
eros~
ephesian~
ennoblis~
ennoble~
emo~
elven~
elizabeth~
elemere~
edward~
ecko~
dyss~
duvane~
dupre~
drogun~
drek~
drathgar~
drake~
dragonsnort~
dragons~
dragonheart~
dragon~
dragnet~
dracull~
draconis~
dracon~
draco~
dozy~
djack~
dinedel~
dick~
devvil~
devlin~
devilsknight~
destiny~
desteny~
dest~
derexel~
demosthenes~
demise~
delete~
deedle~
dayren~
dave~
darksoul~
darksable~
daneio~
dalamar~
daku~
dakhar~
cthulhu~
crispin~
crazyman~
crazyhorse~
corellon~
coraline~
coolstuf~
connell~
conan~
command~
coknbals~
cogline~
cleavyan~
clantic~
chuwiemanma~
chubacamanma~
chronic~
chomg~
chartest~
chaotic~
ceinji~
ceasar~
cazoop~
cassava~
casava~
carnival~
captnchrunch~
capa~
cando~
calton~
calliope~
caleb~
calcifur~
butch~
bungus~
briarheart~
bratier~
bramble~
brahmus~
bors~
borni~
booster~
bobby~
bob~
blyss~
bluedragon~
bloodlust~
bloodcross~
blitzkreig~
bliss~
bleh~
blaise~
blahbo~
blackheart~
bitchbeater~
bink~
bill~
beta~
berzerker~
beowulf~
beowolf~
beolan~
belthias~
bellamin~
beira~
beego~
beeg~
beast~
bazazath~
bane~
baltazar~
bale~
bahamuthon~
bahamut~
baal~
azrael~
azarius~
atlanna~
astronema~
ass~
ashus~
ashton~
ashshugar~
asher~
ashen~
ash~
asfastasdark~
arthur~
arowyn~
aria~
aretia~
ares~
archer~
aravis~
aranum~
apprentice~
anubis~
antonian~
annabelle~
andras~
amon~
amethyst~
amenrasakel~
amenra~
amelia~
amaterasu~
alucard~
alphadragon~
alpha~
alnagk~
all~
alfredo~
alexandria~
alexander~
ales~
alacard~
akira~
aix~
airgead~
aife~
aeze~
aeyraan~
aeromatic~
aero~
admiralchan~
adelphia~
achilles~
acadia~
abner~
abelglais~
abc~
abaddon~
*uglar*~
*uglar~
*thara*~
*tanzean*~
*tanzean~
*suk*~
*suck*~
*someone*~
*snatch*~
*slit*~
*samael*~
*pussy*~
*penis*~
*mnera*~
*mnera~
*likker*~
*licker*~
*fuk*~
*fuck*~
*dracula~
*dick*~
*cunt*~
*creator*~
*creator~
*corellon*~
*corellon~
*calton*~
*calton~
*ass*~
*alucard~
$~
